[2025-11-22T15:01:13.932+0000] {local_task_job_runner.py:123} INFO - ::group::Pre task execution logs
[2025-11-22T15:01:13.982+0000] {taskinstance.py:2614} INFO - Dependencies all met for dep_context=non-requeueable deps ti=<TaskInstance: fraud_detection_training.execute_training manual__2025-11-22T14:55:40.581442+00:00 [queued]>
[2025-11-22T15:01:14.015+0000] {taskinstance.py:2614} INFO - Dependencies all met for dep_context=requeueable deps ti=<TaskInstance: fraud_detection_training.execute_training manual__2025-11-22T14:55:40.581442+00:00 [queued]>
[2025-11-22T15:01:14.018+0000] {taskinstance.py:2867} INFO - Starting attempt 2 of 2
[2025-11-22T15:01:14.061+0000] {taskinstance.py:2890} INFO - Executing <Task(PythonOperator): execute_training> on 2025-11-22 14:55:40.581442+00:00
[2025-11-22T15:01:14.084+0000] {warnings.py:112} WARNING - /home/***/.local/lib/python3.12/site-packages/***/task/task_runner/standard_task_runner.py:70: DeprecationWarning: This process (pid=244) is multi-threaded, use of fork() may lead to deadlocks in the child.
  pid = os.fork()

[2025-11-22T15:01:14.093+0000] {standard_task_runner.py:72} INFO - Started process 245 to run task
[2025-11-22T15:01:14.093+0000] {standard_task_runner.py:104} INFO - Running: ['***', 'tasks', 'run', 'fraud_detection_training', 'execute_training', 'manual__2025-11-22T14:55:40.581442+00:00', '--job-id', '142', '--raw', '--subdir', 'DAGS_FOLDER/fraud_detection_training_dag.py', '--cfg-path', '/tmp/tmpqgevv6zp']
[2025-11-22T15:01:14.095+0000] {standard_task_runner.py:105} INFO - Job 142: Subtask execute_training
[2025-11-22T15:01:14.197+0000] {task_command.py:467} INFO - Running <TaskInstance: fraud_detection_training.execute_training manual__2025-11-22T14:55:40.581442+00:00 [running]> on host 2dafbc2c175d
[2025-11-22T15:01:14.383+0000] {taskinstance.py:3134} INFO - Exporting env vars: AIRFLOW_CTX_DAG_OWNER='datamasterylab.com' AIRFLOW_CTX_DAG_ID='fraud_detection_training' AIRFLOW_CTX_TASK_ID='execute_training' AIRFLOW_CTX_EXECUTION_DATE='2025-11-22T14:55:40.581442+00:00' AIRFLOW_CTX_TRY_NUMBER='2' AIRFLOW_CTX_DAG_RUN_ID='manual__2025-11-22T14:55:40.581442+00:00'
[2025-11-22T15:01:14.387+0000] {taskinstance.py:732} INFO - ::endgroup::
[2025-11-22T15:01:14.510+0000] {fraud_detection_training_dag.py:57} INFO - Initializing fraud detection training (transactions_table=transactions)
[2025-11-22T15:01:14.553+0000] {main.py:27} WARNING - python-dotenv could not parse statement starting at line 37
[2025-11-22T15:01:14.554+0000] {main.py:27} WARNING - python-dotenv could not parse statement starting at line 39
[2025-11-22T15:01:14.555+0000] {main.py:27} WARNING - python-dotenv could not parse statement starting at line 40
[2025-11-22T15:01:14.588+0000] {fraud_detection_training.py:106} INFO - Configuration loaded successfully
[2025-11-22T15:01:15.393+0000] {fraud_detection_training.py:152} INFO - Minio connection verified. Buckets: ['mlflow']
[2025-11-22T15:01:23.540+0000] {fraud_detection_training.py:487} INFO - Starting model training process
[2025-11-22T15:01:23.674+0000] {fraud_detection_training.py:182} INFO - Connecting to kafka topic ecommerce fraud
[2025-11-22T15:01:23.887+0000] {conn.py:396} INFO - <BrokerConnection client_id=kafka-python-2.2.15, node_id=bootstrap-0 host=pkc-921jm.us-east-2.aws.confluent.cloud:9092 <connecting> [IPv4 ('3.14.213.201', 9092)]>: connecting to pkc-921jm.us-east-2.aws.confluent.cloud:9092 [('3.14.213.201', 9092) IPv4]
[2025-11-22T15:01:24.181+0000] {conn.py:497} INFO - <BrokerConnection client_id=kafka-python-2.2.15, node_id=bootstrap-0 host=pkc-921jm.us-east-2.aws.confluent.cloud:9092 <handshake> [IPv4 ('3.14.213.201', 9092)]>: Loading system default SSL CAs from ('/usr/lib/ssl/cert.pem', '/usr/lib/ssl/certs', 'SSL_CERT_FILE', '/usr/lib/ssl/cert.pem', 'SSL_CERT_DIR', '/usr/lib/ssl/certs')
[2025-11-22T15:01:25.370+0000] {conn.py:618} INFO - <BrokerConnection client_id=kafka-python-2.2.15, node_id=bootstrap-0 host=pkc-921jm.us-east-2.aws.confluent.cloud:9092 <checking_api_versions_recv> [IPv4 ('3.14.213.201', 9092)]>: Broker version identified as 2.6
[2025-11-22T15:01:25.691+0000] {consumer.py:120} WARNING - group_id is None: disabling auto-commit.
[2025-11-22T15:01:25.694+0000] {fraud_detection_training.py:268} ERROR - Failed to read data from Kafka: Topic name "ecommerce fraud" is illegal, it contains a character other than ASCII alphanumerics, ".", "_" and "-"
Traceback (most recent call last):
  File "/opt/airflow/dags/fraud_detection_training.py", line 184, in read_from_kafka
    consumer = KafkaConsumer(
               ^^^^^^^^^^^^^^
  File "/home/airflow/.local/lib/python3.12/site-packages/kafka/consumer/group.py", line 423, in __init__
    self._subscription.subscribe(topics=topics)
  File "/home/airflow/.local/lib/python3.12/site-packages/kafka/util.py", line 138, in wrapper
    return func(self, *args, **kwargs)
           ^^^^^^^^^^^^^^^^^^^^^^^^^^^
  File "/home/airflow/.local/lib/python3.12/site-packages/kafka/consumer/subscription_state.py", line 147, in subscribe
    self.change_subscription(topics)
  File "/home/airflow/.local/lib/python3.12/site-packages/kafka/util.py", line 138, in wrapper
    return func(self, *args, **kwargs)
           ^^^^^^^^^^^^^^^^^^^^^^^^^^^
  File "/home/airflow/.local/lib/python3.12/site-packages/kafka/consumer/subscription_state.py", line 179, in change_subscription
    ensure_valid_topic_name(t)
  File "/home/airflow/.local/lib/python3.12/site-packages/kafka/util.py", line 88, in ensure_valid_topic_name
    raise ValueError('Topic name "{0}" is illegal, it contains a character other than ASCII alphanumerics, ".", "_" and "-"'.format(topic))
ValueError: Topic name "ecommerce fraud" is illegal, it contains a character other than ASCII alphanumerics, ".", "_" and "-"
[2025-11-22T15:01:25.727+0000] {fraud_detection_training.py:676} ERROR - Training failed: Topic name "ecommerce fraud" is illegal, it contains a character other than ASCII alphanumerics, ".", "_" and "-"
Traceback (most recent call last):
  File "/opt/airflow/dags/fraud_detection_training.py", line 490, in train_model
    df = self.read_from_kafka()
         ^^^^^^^^^^^^^^^^^^^^^^
  File "/opt/airflow/dags/fraud_detection_training.py", line 184, in read_from_kafka
    consumer = KafkaConsumer(
               ^^^^^^^^^^^^^^
  File "/home/airflow/.local/lib/python3.12/site-packages/kafka/consumer/group.py", line 423, in __init__
    self._subscription.subscribe(topics=topics)
  File "/home/airflow/.local/lib/python3.12/site-packages/kafka/util.py", line 138, in wrapper
    return func(self, *args, **kwargs)
           ^^^^^^^^^^^^^^^^^^^^^^^^^^^
  File "/home/airflow/.local/lib/python3.12/site-packages/kafka/consumer/subscription_state.py", line 147, in subscribe
    self.change_subscription(topics)
  File "/home/airflow/.local/lib/python3.12/site-packages/kafka/util.py", line 138, in wrapper
    return func(self, *args, **kwargs)
           ^^^^^^^^^^^^^^^^^^^^^^^^^^^
  File "/home/airflow/.local/lib/python3.12/site-packages/kafka/consumer/subscription_state.py", line 179, in change_subscription
    ensure_valid_topic_name(t)
  File "/home/airflow/.local/lib/python3.12/site-packages/kafka/util.py", line 88, in ensure_valid_topic_name
    raise ValueError('Topic name "{0}" is illegal, it contains a character other than ASCII alphanumerics, ".", "_" and "-"'.format(topic))
ValueError: Topic name "ecommerce fraud" is illegal, it contains a character other than ASCII alphanumerics, ".", "_" and "-"
[2025-11-22T15:01:25.753+0000] {fraud_detection_training_dag.py:75} ERROR - Training failed: Topic name "ecommerce fraud" is illegal, it contains a character other than ASCII alphanumerics, ".", "_" and "-"
Traceback (most recent call last):
  File "/opt/airflow/dags/fraud_detection_training_dag.py", line 67, in _train_model
    model, metrics = trainer.train_model()
                     ^^^^^^^^^^^^^^^^^^^^^
  File "/opt/airflow/dags/fraud_detection_training.py", line 490, in train_model
    df = self.read_from_kafka()
         ^^^^^^^^^^^^^^^^^^^^^^
  File "/opt/airflow/dags/fraud_detection_training.py", line 184, in read_from_kafka
    consumer = KafkaConsumer(
               ^^^^^^^^^^^^^^
  File "/home/airflow/.local/lib/python3.12/site-packages/kafka/consumer/group.py", line 423, in __init__
    self._subscription.subscribe(topics=topics)
  File "/home/airflow/.local/lib/python3.12/site-packages/kafka/util.py", line 138, in wrapper
    return func(self, *args, **kwargs)
           ^^^^^^^^^^^^^^^^^^^^^^^^^^^
  File "/home/airflow/.local/lib/python3.12/site-packages/kafka/consumer/subscription_state.py", line 147, in subscribe
    self.change_subscription(topics)
  File "/home/airflow/.local/lib/python3.12/site-packages/kafka/util.py", line 138, in wrapper
    return func(self, *args, **kwargs)
           ^^^^^^^^^^^^^^^^^^^^^^^^^^^
  File "/home/airflow/.local/lib/python3.12/site-packages/kafka/consumer/subscription_state.py", line 179, in change_subscription
    ensure_valid_topic_name(t)
  File "/home/airflow/.local/lib/python3.12/site-packages/kafka/util.py", line 88, in ensure_valid_topic_name
    raise ValueError('Topic name "{0}" is illegal, it contains a character other than ASCII alphanumerics, ".", "_" and "-"'.format(topic))
ValueError: Topic name "ecommerce fraud" is illegal, it contains a character other than ASCII alphanumerics, ".", "_" and "-"
[2025-11-22T15:01:25.958+0000] {taskinstance.py:3313} ERROR - Task failed with exception
Traceback (most recent call last):
  File "/opt/airflow/dags/fraud_detection_training_dag.py", line 67, in _train_model
    model, metrics = trainer.train_model()
                     ^^^^^^^^^^^^^^^^^^^^^
  File "/opt/airflow/dags/fraud_detection_training.py", line 490, in train_model
    df = self.read_from_kafka()
         ^^^^^^^^^^^^^^^^^^^^^^
  File "/opt/airflow/dags/fraud_detection_training.py", line 184, in read_from_kafka
    consumer = KafkaConsumer(
               ^^^^^^^^^^^^^^
  File "/home/airflow/.local/lib/python3.12/site-packages/kafka/consumer/group.py", line 423, in __init__
    self._subscription.subscribe(topics=topics)
  File "/home/airflow/.local/lib/python3.12/site-packages/kafka/util.py", line 138, in wrapper
    return func(self, *args, **kwargs)
           ^^^^^^^^^^^^^^^^^^^^^^^^^^^
  File "/home/airflow/.local/lib/python3.12/site-packages/kafka/consumer/subscription_state.py", line 147, in subscribe
    self.change_subscription(topics)
  File "/home/airflow/.local/lib/python3.12/site-packages/kafka/util.py", line 138, in wrapper
    return func(self, *args, **kwargs)
           ^^^^^^^^^^^^^^^^^^^^^^^^^^^
  File "/home/airflow/.local/lib/python3.12/site-packages/kafka/consumer/subscription_state.py", line 179, in change_subscription
    ensure_valid_topic_name(t)
  File "/home/airflow/.local/lib/python3.12/site-packages/kafka/util.py", line 88, in ensure_valid_topic_name
    raise ValueError('Topic name "{0}" is illegal, it contains a character other than ASCII alphanumerics, ".", "_" and "-"'.format(topic))
ValueError: Topic name "ecommerce fraud" is illegal, it contains a character other than ASCII alphanumerics, ".", "_" and "-"

During handling of the above exception, another exception occurred:

Traceback (most recent call last):
  File "/home/airflow/.local/lib/python3.12/site-packages/airflow/models/taskinstance.py", line 768, in _execute_task
    result = _execute_callable(context=context, **execute_callable_kwargs)
             ^^^^^^^^^^^^^^^^^^^^^^^^^^^^^^^^^^^^^^^^^^^^^^^^^^^^^^^^^^^^^
  File "/home/airflow/.local/lib/python3.12/site-packages/airflow/models/taskinstance.py", line 734, in _execute_callable
    return ExecutionCallableRunner(
           ^^^^^^^^^^^^^^^^^^^^^^^^
  File "/home/airflow/.local/lib/python3.12/site-packages/airflow/utils/operator_helpers.py", line 252, in run
    return self.func(*args, **kwargs)
           ^^^^^^^^^^^^^^^^^^^^^^^^^^
  File "/home/airflow/.local/lib/python3.12/site-packages/airflow/models/baseoperator.py", line 424, in wrapper
    return func(self, *args, **kwargs)
           ^^^^^^^^^^^^^^^^^^^^^^^^^^^
  File "/home/airflow/.local/lib/python3.12/site-packages/airflow/operators/python.py", line 238, in execute
    return_value = self.execute_callable()
                   ^^^^^^^^^^^^^^^^^^^^^^^
  File "/home/airflow/.local/lib/python3.12/site-packages/airflow/operators/python.py", line 256, in execute_callable
    return runner.run(*self.op_args, **self.op_kwargs)
           ^^^^^^^^^^^^^^^^^^^^^^^^^^^^^^^^^^^^^^^^^^^
  File "/home/airflow/.local/lib/python3.12/site-packages/airflow/utils/operator_helpers.py", line 252, in run
    return self.func(*args, **kwargs)
           ^^^^^^^^^^^^^^^^^^^^^^^^^^
  File "/opt/airflow/dags/fraud_detection_training_dag.py", line 76, in _train_model
    raise AirflowException(f'Model training failed: {str(e)}')
airflow.exceptions.AirflowException: Model training failed: Topic name "ecommerce fraud" is illegal, it contains a character other than ASCII alphanumerics, ".", "_" and "-"
[2025-11-22T15:01:26.055+0000] {taskinstance.py:1226} INFO - Marking task as FAILED. dag_id=fraud_detection_training, task_id=execute_training, run_id=manual__2025-11-22T14:55:40.581442+00:00, execution_date=20251122T145540, start_date=20251122T150113, end_date=20251122T150126
[2025-11-22T15:01:26.535+0000] {taskinstance.py:341} INFO - ::group::Post task execution logs
[2025-11-22T15:01:26.542+0000] {standard_task_runner.py:124} ERROR - Failed to execute job 142 for task execute_training (Model training failed: Topic name "ecommerce fraud" is illegal, it contains a character other than ASCII alphanumerics, ".", "_" and "-"; 245)
Traceback (most recent call last):
  File "/opt/airflow/dags/fraud_detection_training_dag.py", line 67, in _train_model
    model, metrics = trainer.train_model()
                     ^^^^^^^^^^^^^^^^^^^^^
  File "/opt/airflow/dags/fraud_detection_training.py", line 490, in train_model
    df = self.read_from_kafka()
         ^^^^^^^^^^^^^^^^^^^^^^
  File "/opt/airflow/dags/fraud_detection_training.py", line 184, in read_from_kafka
    consumer = KafkaConsumer(
               ^^^^^^^^^^^^^^
  File "/home/airflow/.local/lib/python3.12/site-packages/kafka/consumer/group.py", line 423, in __init__
    self._subscription.subscribe(topics=topics)
  File "/home/airflow/.local/lib/python3.12/site-packages/kafka/util.py", line 138, in wrapper
    return func(self, *args, **kwargs)
           ^^^^^^^^^^^^^^^^^^^^^^^^^^^
  File "/home/airflow/.local/lib/python3.12/site-packages/kafka/consumer/subscription_state.py", line 147, in subscribe
    self.change_subscription(topics)
  File "/home/airflow/.local/lib/python3.12/site-packages/kafka/util.py", line 138, in wrapper
    return func(self, *args, **kwargs)
           ^^^^^^^^^^^^^^^^^^^^^^^^^^^
  File "/home/airflow/.local/lib/python3.12/site-packages/kafka/consumer/subscription_state.py", line 179, in change_subscription
    ensure_valid_topic_name(t)
  File "/home/airflow/.local/lib/python3.12/site-packages/kafka/util.py", line 88, in ensure_valid_topic_name
    raise ValueError('Topic name "{0}" is illegal, it contains a character other than ASCII alphanumerics, ".", "_" and "-"'.format(topic))
ValueError: Topic name "ecommerce fraud" is illegal, it contains a character other than ASCII alphanumerics, ".", "_" and "-"

During handling of the above exception, another exception occurred:

Traceback (most recent call last):
  File "/home/airflow/.local/lib/python3.12/site-packages/airflow/task/task_runner/standard_task_runner.py", line 117, in _start_by_fork
    ret = args.func(args, dag=self.dag)
          ^^^^^^^^^^^^^^^^^^^^^^^^^^^^^
  File "/home/airflow/.local/lib/python3.12/site-packages/airflow/cli/cli_config.py", line 49, in command
    return func(*args, **kwargs)
           ^^^^^^^^^^^^^^^^^^^^^
  File "/home/airflow/.local/lib/python3.12/site-packages/airflow/utils/cli.py", line 116, in wrapper
    return f(*args, **kwargs)
           ^^^^^^^^^^^^^^^^^^
  File "/home/airflow/.local/lib/python3.12/site-packages/airflow/cli/commands/task_command.py", line 483, in task_run
    task_return_code = _run_task_by_selected_method(args, _dag, ti)
                       ^^^^^^^^^^^^^^^^^^^^^^^^^^^^^^^^^^^^^^^^^^^^
  File "/home/airflow/.local/lib/python3.12/site-packages/airflow/cli/commands/task_command.py", line 256, in _run_task_by_selected_method
    return _run_raw_task(args, ti)
           ^^^^^^^^^^^^^^^^^^^^^^^
  File "/home/airflow/.local/lib/python3.12/site-packages/airflow/cli/commands/task_command.py", line 341, in _run_raw_task
    return ti._run_raw_task(
           ^^^^^^^^^^^^^^^^^
  File "/home/airflow/.local/lib/python3.12/site-packages/airflow/utils/session.py", line 97, in wrapper
    return func(*args, session=session, **kwargs)
           ^^^^^^^^^^^^^^^^^^^^^^^^^^^^^^^^^^^^^^
  File "/home/airflow/.local/lib/python3.12/site-packages/airflow/models/taskinstance.py", line 3006, in _run_raw_task
    return _run_raw_task(
           ^^^^^^^^^^^^^^
  File "/home/airflow/.local/lib/python3.12/site-packages/airflow/models/taskinstance.py", line 274, in _run_raw_task
    TaskInstance._execute_task_with_callbacks(
  File "/home/airflow/.local/lib/python3.12/site-packages/airflow/models/taskinstance.py", line 3161, in _execute_task_with_callbacks
    result = self._execute_task(context, task_orig)
             ^^^^^^^^^^^^^^^^^^^^^^^^^^^^^^^^^^^^^^
  File "/home/airflow/.local/lib/python3.12/site-packages/airflow/models/taskinstance.py", line 3185, in _execute_task
    return _execute_task(self, context, task_orig)
           ^^^^^^^^^^^^^^^^^^^^^^^^^^^^^^^^^^^^^^^
  File "/home/airflow/.local/lib/python3.12/site-packages/airflow/models/taskinstance.py", line 768, in _execute_task
    result = _execute_callable(context=context, **execute_callable_kwargs)
             ^^^^^^^^^^^^^^^^^^^^^^^^^^^^^^^^^^^^^^^^^^^^^^^^^^^^^^^^^^^^^
  File "/home/airflow/.local/lib/python3.12/site-packages/airflow/models/taskinstance.py", line 734, in _execute_callable
    return ExecutionCallableRunner(
           ^^^^^^^^^^^^^^^^^^^^^^^^
  File "/home/airflow/.local/lib/python3.12/site-packages/airflow/utils/operator_helpers.py", line 252, in run
    return self.func(*args, **kwargs)
           ^^^^^^^^^^^^^^^^^^^^^^^^^^
  File "/home/airflow/.local/lib/python3.12/site-packages/airflow/models/baseoperator.py", line 424, in wrapper
    return func(self, *args, **kwargs)
           ^^^^^^^^^^^^^^^^^^^^^^^^^^^
  File "/home/airflow/.local/lib/python3.12/site-packages/airflow/operators/python.py", line 238, in execute
    return_value = self.execute_callable()
                   ^^^^^^^^^^^^^^^^^^^^^^^
  File "/home/airflow/.local/lib/python3.12/site-packages/airflow/operators/python.py", line 256, in execute_callable
    return runner.run(*self.op_args, **self.op_kwargs)
           ^^^^^^^^^^^^^^^^^^^^^^^^^^^^^^^^^^^^^^^^^^^
  File "/home/airflow/.local/lib/python3.12/site-packages/airflow/utils/operator_helpers.py", line 252, in run
    return self.func(*args, **kwargs)
           ^^^^^^^^^^^^^^^^^^^^^^^^^^
  File "/opt/airflow/dags/fraud_detection_training_dag.py", line 76, in _train_model
    raise AirflowException(f'Model training failed: {str(e)}')
airflow.exceptions.AirflowException: Model training failed: Topic name "ecommerce fraud" is illegal, it contains a character other than ASCII alphanumerics, ".", "_" and "-"
[2025-11-22T15:01:26.782+0000] {local_task_job_runner.py:266} INFO - Task exited with return code 1
[2025-11-22T15:01:26.845+0000] {taskinstance.py:3901} INFO - 1 downstream tasks scheduled from follow-on schedule check
[2025-11-22T15:01:26.856+0000] {local_task_job_runner.py:245} INFO - ::endgroup::
